// Jest Snapshot v1, https://goo.gl/fbAQLP

exports[`release notes page snapshot 1`] = `
<DocumentFragment>
  <div
    class="container-base py-10 max-w-3xl min-h-[80vh] bg-[var(--background)]"
  >
    <h1
      class="text-4xl font-extrabold mb-10 tracking-tight text-[var(--navy)]"
    >
      Release Notes
    </h1>
    <div
      class="space-y-8"
    />
  </div>
</DocumentFragment>
`;
