// Jest Snapshot v1, https://goo.gl/fbAQLP

exports[`NewsletterEmbed snapshot 1`] = `
<DocumentFragment>
  <div
    class="rounded-xl overflow-hidden shadow ring-1 ring-black/10 bg-white p-4"
  >
    <iframe
      allowfullscreen=""
      loading="lazy"
      src="https://embeds.beehiiv.com/1b1e2e2b-2e2e-4e2e-8e2e-2e2e2e2e2e2e?slim=true"
      style="width: 100%; min-height: 320px; background: transparent;"
      title="Newsletter Signup"
    />
  </div>
</DocumentFragment>
`;
