// Jest Snapshot v1, https://goo.gl/fbAQLP

exports[`matches snapshot 1`] = `
<div>
  <main
    class="mx-auto max-w-5xl px-5 py-10 flex flex-col gap-10"
  >
    <header
      class="text-center flex flex-col gap-3"
    >
      <h1
        class="text-4xl font-semibold tracking-tight"
      >
        Mental Health & Well‑Being
      </h1>
      <p
        class="text-neutral-600 text-sm max-w-2xl mx-auto"
      >
        Gentle, faith-informed pointers. This page curates quick help, calm steps, and trusted places to learn & reach out.
      </p>
    </header>
    <section
      aria-labelledby="mh-emergency"
      class="grid md:grid-cols-2 gap-6"
    >
      <div
        class="rounded-xl border border-neutral-200/60 bg-white/70 backdrop-blur shadow-sm hover:shadow-md transition-shadow p-5 flex flex-col gap-3 bg-rose-50/70 border-rose-200"
      >
        <h2
          class="text-xl font-bold flex items-center gap-2 text-rose-700"
          id="mh-emergency"
        >
          <span
            aria-hidden="true"
          >
            ❗
          </span>
           Immediate Help
        </h2>
        <p
          class="text-sm text-rose-800 leading-snug"
        >
          If you or someone is in danger or at risk of harming themselves: call local emergency services right now. On campus, contact security or the counselling centre urgent line.
        </p>
        <ul
          class="text-sm flex flex-col gap-1 mt-1"
        >
          <li>
            Emergency: 
            <span
              class="font-medium"
            >
              911
            </span>
          </li>
          <li>
            Campus Security: 613‑520‑4444
          </li>
        </ul>
        <p
          class="text-[11px] text-rose-600 mt-auto"
        >
          You are not alone. Help now is better than silence.
        </p>
      </div>
      <div
        class="rounded-xl border border-neutral-200/60 bg-white/70 backdrop-blur shadow-sm hover:shadow-md transition-shadow p-5 flex flex-col gap-3"
      >
        <h2
          class="text-xl font-bold flex items-center gap-2"
        >
          <span
            aria-hidden="true"
          >
            🧭
          </span>
           Quick Calm
        </h2>
        <ul
          class="text-sm leading-relaxed grid grid-cols-2 gap-x-4 gap-y-1"
        >
          <li>
            3 deep belly breaths
          </li>
          <li>
            Cold water on wrists
          </li>
          <li>
            Stand + stretch spine
          </li>
          <li>
            Look for 5 colors
          </li>
          <li>
            Make wudu mindfully
          </li>
          <li>
            Recite Ayat al-Kursi
          </li>
          <li>
            Message a friend
          </li>
          <li>
            Step outside light
          </li>
        </ul>
        <p
          class="text-xs text-neutral-500"
        >
          Tiny resets stack into relief.
        </p>
      </div>
    </section>
    <section
      aria-labelledby="mh-hotlines"
      class="grid lg:grid-cols-3 md:grid-cols-2 gap-6"
    >
      <div
        class="rounded-xl border border-neutral-200/60 bg-white/70 backdrop-blur shadow-sm hover:shadow-md transition-shadow p-5 flex flex-col gap-3"
      >
        <h2
          class="text-xl font-bold flex items-center gap-2"
          id="mh-hotlines"
        >
          <span
            aria-hidden="true"
          >
            📞
          </span>
           Hotlines
        </h2>
        <ul
          class="text-sm flex flex-col gap-1"
        >
          <li>
            Nisa (women) Helpline: 
            <span
              class="font-medium"
            >
              1‑888‑456‑8043
            </span>
          </li>
          <li>
            Naseeha Youth: 
            <span
              class="font-medium"
            >
              1‑866‑627‑3342
            </span>
          </li>
          <li>
            Talk Suicide Canada: 9-8-8 
          </li>
          <li>
            National Child Abuse: 1‑800‑422‑4453
          </li>
        </ul>
        <p
          class="text-[11px] text-neutral-500 mt-1"
        >
          Availability may change; check before calling.
        </p>
      </div>
      <div
        class="rounded-xl border border-neutral-200/60 bg-white/70 backdrop-blur shadow-sm hover:shadow-md transition-shadow p-5 flex flex-col gap-3"
      >
        <h2
          class="text-xl font-bold flex items-center gap-2"
        >
          <span
            aria-hidden="true"
          >
            📚
          </span>
           Learn & Reflect
        </h2>
        <ul
          class="text-sm flex flex-col gap-1"
        >
          <li>
            <a
              class="text-blue-600 hover:text-blue-700 underline decoration-dotted underline-offset-2"
              href="https://yaqeeninstitute.ca/read/psychology-mental-health"
              rel="noopener noreferrer"
              target="_blank"
            >
              Yaqeen: Psychology & Mental Health
            </a>
          </li>
          <li>
            <a
              class="text-blue-600 hover:text-blue-700 underline decoration-dotted underline-offset-2"
              href="https://seekersguidance.org/answers"
              rel="noopener noreferrer"
              target="_blank"
            >
              SeekersGuidance: Answers (search mental health)
            </a>
          </li>
          <li>
            <a
              class="text-blue-600 hover:text-blue-700 underline decoration-dotted underline-offset-2"
              href="https://muslimmentalhealth.com/"
              rel="noopener noreferrer"
              target="_blank"
            >
              Muslim Mental Health (directory)
            </a>
          </li>
        </ul>
        <p
          class="text-[11px] text-neutral-500 mt-auto"
        >
          Knowledge can soften stigma.
        </p>
      </div>
      <div
        class="rounded-xl border border-neutral-200/60 bg-white/70 backdrop-blur shadow-sm hover:shadow-md transition-shadow p-5 flex flex-col gap-3"
      >
        <h2
          class="text-xl font-bold flex items-center gap-2"
        >
          <span
            aria-hidden="true"
          >
            🧠
          </span>
           Professional & Community
        </h2>
        <ul
          class="text-sm flex flex-col gap-1"
        >
          <li>
            <a
              class="text-blue-600 hover:text-blue-700 underline decoration-dotted underline-offset-2"
              href="https://carleton.ca/health/"
              rel="noopener noreferrer"
              target="_blank"
            >
              Campus Health & Counselling (Carleton)
            </a>
          </li>
          <li>
            <a
              class="text-blue-600 hover:text-blue-700 underline decoration-dotted underline-offset-2"
              href="https://mfso.ca/"
              rel="noopener noreferrer"
              target="_blank"
            >
              Muslim Family Services (MFSO)
            </a>
          </li>
        </ul>
        <p
          class="text-[11px] text-neutral-500 mt-auto"
        >
          Getting help is strength, not failure.
        </p>
      </div>
    </section>
    <section
      aria-labelledby="mh-reverts"
      class="grid md:grid-cols-2 gap-6"
    >
      <div
        class="rounded-xl border border-neutral-200/60 bg-white/70 backdrop-blur shadow-sm hover:shadow-md transition-shadow p-5 flex flex-col gap-3"
      >
        <h2
          class="text-xl font-bold flex items-center gap-2"
          id="mh-reverts"
        >
          <span
            aria-hidden="true"
          >
            🌱
          </span>
           Revert Support
        </h2>
        <p
          class="text-sm leading-snug"
        >
          New to Islam? Identity shifts can feel tender. You're allowed time, questions, and boundaries. Small, consistent acts over intensity.
        </p>
        <ul
          class="text-sm flex flex-col gap-1"
        >
          <li>
            Pair with a gentle mentor (reach out to us)
          </li>
          <li>
            <a
              class="text-blue-600 hover:text-blue-700 underline decoration-dotted underline-offset-2"
              href="https://yaqeeninstitute.ca/read/psychology-mental-health"
              rel="noopener noreferrer"
              target="_blank"
            >
              Foundational articles (Mental Health)
            </a>
          </li>
          <li>
            <a
              class="text-blue-600 hover:text-blue-700 underline decoration-dotted underline-offset-2"
              href="https://newmuslimacademy.org/"
              rel="noopener noreferrer"
              target="_blank"
            >
              New Muslim Academy
            </a>
          </li>
          <li>
            <a
              class="text-blue-600 hover:text-blue-700 underline decoration-dotted underline-offset-2"
              href="https://seekersguidance.org"
              rel="noopener noreferrer"
              target="_blank"
            >
              SeekersGuidance classes
            </a>
          </li>
        </ul>
        <p
          class="text-[11px] text-neutral-500"
        >
          Faith grows in kindness to self.
        </p>
      </div>
      <div
        class="rounded-xl border border-neutral-200/60 bg-white/70 backdrop-blur shadow-sm hover:shadow-md transition-shadow p-5 flex flex-col gap-3"
      >
        <h2
          class="text-xl font-bold flex items-center gap-2"
        >
          <span
            aria-hidden="true"
          >
            🪴
          </span>
           Gentle Reminders
        </h2>
        <ul
          class="text-sm flex flex-col gap-1"
        >
          <li>
            Du'a is heard, even if your words are few
          </li>
          <li>
            Rest, sunlight, and gentle meals help more than you think
          </li>
          <li>
            Your feelings are real, but not every thought is true
          </li>
          <li>
            Set small goals and notice your progress
          </li>
          <li>
            Faith and therapy can work together
          </li>
        </ul>
        <p
          class="text-[11px] text-neutral-500 mt-auto"
        >
          Mercy over perfection.
        </p>
      </div>
    </section>
    <section
      aria-labelledby="mh-disclaimer"
      class="text-center flex flex-col gap-2"
    >
      <p
        class="text-xs text-neutral-500 max-w-2xl mx-auto leading-relaxed"
        id="mh-disclaimer"
      >
        This page is an evolving draft, not medical or clinical advice. Consult qualified professionals for diagnosis or treatment. Suggest edits or additions by contacting us.
      </p>
      <a
        class="text-xs text-blue-600 hover:text-blue-700 underline decoration-dotted"
        href="/contact-us"
      >
        Share a resource / feedback
      </a>
    </section>
  </main>
</div>
`;
