// Jest Snapshot v1, https://goo.gl/fbAQLP

exports[`Navbar snapshot 1`] = `
<DocumentFragment>
  <nav
    class="w-full bg-white/90 backdrop-blur border-b border-black/10 sticky top-0 z-50"
  >
    <div
      class="container-base flex items-center justify-between h-16"
    >
      <a
        class="flex items-center gap-2"
        href="/"
      >
        <img
          alt="CUMSA logo"
          class="object-contain rounded-sm h-8 w-auto"
          height="44"
          src="/CU-MSA-LOGO.png"
          style="width: 44px; height: 44px;"
          width="44"
        />
      </a>
      <ul
        class="flex gap-4 items-center"
      >
        <li>
          <a
            class="text-sm font-medium text-[var(--navy)] hover:text-[var(--blue)] transition-colors"
            href="/about"
          >
            About
          </a>
        </li>
        <li>
          <a
            class="text-sm font-medium text-[var(--navy)] hover:text-[var(--blue)] transition-colors"
            href="/services/prayer"
          >
            Prayers
          </a>
        </li>
        <li>
          <a
            class="text-sm font-medium text-[var(--navy)] hover:text-[var(--blue)] transition-colors"
            href="/services/chaplaincy"
          >
            Chaplaincy
          </a>
        </li>
        <li>
          <a
            class="text-sm font-medium text-[var(--navy)] hover:text-[var(--blue)] transition-colors"
            href="/services/roommate"
          >
            Roommate
          </a>
        </li>
        <li>
          <a
            class="text-sm font-medium text-[var(--navy)] hover:text-[var(--blue)] transition-colors"
            href="/services/new-muslims"
          >
            New Muslims
          </a>
        </li>
        <li>
          <a
            class="text-sm font-medium text-[var(--navy)] hover:text-[var(--blue)] transition-colors"
            href="/documents"
          >
            Documents
          </a>
        </li>
        <li>
          <a
            class="text-sm font-medium text-[var(--navy)] hover:text-[var(--blue)] transition-colors"
            href="/donate"
          >
            Donate
          </a>
        </li>
        <li>
          <a
            class="text-sm font-medium text-[var(--navy)] hover:text-[var(--blue)] transition-colors"
            href="/contact-us"
          >
            Contact
          </a>
        </li>
      </ul>
    </div>
  </nav>
</DocumentFragment>
`;
