// Jest Snapshot v1, https://goo.gl/fbAQLP

exports[`IntroAnimation snapshot 1`] = `
<DocumentFragment>
  <div
    class="fixed inset-0 z-50 flex flex-col items-center justify-center transition-all duration-800 ease-in-out opacity-100 scale-100"
    style="background: rgb(255, 255, 255);"
  >
    <img
      alt="CUMSA Logo"
      class="mb-8 animate-bounce"
      height="100"
      src="/CU-MSA-LOGO.png"
      style="filter: drop-shadow(0 0 16px var(--blue));"
      width="100"
    />
    <div
      class="w-full max-w-lg mb-8"
    >
      <div
        class="bg-[var(--blue)]/10 rounded-xl p-6 border border-[var(--blue)]/30 shadow-lg"
      >
        <div
          class="text-center"
        >
          <div
            class="animate-pulse"
          >
            <div
              class="h-4 bg-[var(--blue)]/20 rounded mb-2"
            />
            <div
              class="h-4 bg-[var(--blue)]/20 rounded mb-2"
            />
            <div
              class="h-3 bg-[var(--blue)]/20 rounded w-1/2 mx-auto"
            />
          </div>
        </div>
      </div>
    </div>
    <div
      class="w-full max-w-lg mb-2"
    >
      <div
        class="flex justify-between items-center mb-2"
      >
        <span
          class="text-[var(--blue)] text-sm font-medium"
        >
          Loading...
        </span>
        <span
          class="text-[var(--blue)] text-sm"
        >
          0%
        </span>
      </div>
      <div
        class="w-full bg-[var(--blue)]/20 rounded-full h-4"
      >
        <div
          class="bg-[var(--blue)] h-4 rounded-full transition-all duration-200 ease-out"
          style="width: 0%;"
        />
      </div>
    </div>
  </div>
</DocumentFragment>
`;
