// Jest Snapshot v1, https://goo.gl/fbAQLP

exports[`Hero snapshot 1`] = `
<DocumentFragment>
  <section
    class="relative overflow-hidden z-0"
    style="z-index: 1;"
  >
    <div
      class="container-base py-12 md:py-16 text-white relative"
      style="z-index: 1;"
    >
      <h1
        class="text-4xl md:text-6xl font-extrabold tracking-tight"
      >
        Test Title
      </h1>
      <p
        class="mt-4 max-w-2xl text-white/85 text-lg"
      >
        Test Subtitle
      </p>
    </div>
  </section>
</DocumentFragment>
`;
