// Jest Snapshot v1, https://goo.gl/fbAQLP

exports[`about page snapshot 1`] = `
<DocumentFragment>
  <div
    class="bg-[var(--background)]"
  >
    <section
      class="bg-[var(--navy)] text-white"
    >
      <div
        class="container-base py-12 animate-fade-in"
      >
        <h1
          class="text-3xl md:text-4xl font-extrabold"
        >
          About the MSA
        </h1>
        <p
          class="mt-3 text-white/85 max-w-3xl"
        >
          Welcome to Carleton University’s Muslim Students’ Association. We’re your on-campus resource for practicing your faith comfortably, building community, and serving others.
        </p>
      </div>
    </section>
    <div
      class="container-base py-12 grid gap-10 md:grid-cols-2"
    >
      <section
        class="animate-slide-in-left"
      >
        <h2
          class="text-xl font-semibold"
        >
          Vision
        </h2>
        <p
          class="mt-3 text-gray-700"
        >
          Driven by our religious foundation, our vision is to empower and inspire students to be a positive force for change.
        </p>
      </section>
      <section
        class="animate-slide-in-right"
      >
        <h2
          class="text-xl font-semibold"
        >
          Mission
        </h2>
        <p
          class="mt-3 text-gray-700"
        >
          Our mission is to provide a welcoming, supportive, and enriching environment through our educational, spiritual, and social services and events. We also aim to represent the concerns of Carleton University’s Muslim student body, encourage civic engagement, and raise awareness about Islam.
        </p>
      </section>
    </div>
  </div>
</DocumentFragment>
`;
