// Jest Snapshot v1, https://goo.gl/fbAQLP

exports[`MotionCard snapshot 1`] = `
<DocumentFragment>
  <div
    class="border rounded-xl p-6 transition-base hover:shadow-md hover:-translate-y-0.5 hover:border-[var(--red)]/30 bg-white"
    style="opacity: 0; transform: translateY(8px);"
  >
    Test
  </div>
</DocumentFragment>
`;
